// Jest Snapshot v1, https://goo.gl/fbAQLP

exports[`Pruebas en <AppRouter /> debe mostrar login si no esta autenticado 1`] = `ReactWrapper {}`;
