// Jest Snapshot v1, https://goo.gl/fbAQLP

exports[`Testing en <DashboardRoutess /> debe mostrarse correctamente 1`] = `ReactWrapper {}`;
