// Jest Snapshot v1, https://goo.gl/fbAQLP

exports[`Testing <SearchScreen /> Debe mostrarse con los valores por defecto  1`] = `ReactWrapper {}`;
