// Jest Snapshot v1, https://goo.gl/fbAQLP

exports[`Testing <Navbar /> debe de mostrarme correctamente el nombre en el navbar 1`] = `ReactWrapper {}`;
